0 verbose cli /usr/bin/node /usr/bin/npm
1 info using npm@9.2.0
2 info using node@v18.20.4
3 timing npm:load:whichnode Completed in 0ms
4 timing config:load:defaults Completed in 4ms
5 timing config:load:file:/usr/share/nodejs/npm/npmrc Completed in 5ms
6 timing config:load:builtin Completed in 5ms
7 timing config:load:cli Completed in 5ms
8 timing config:load:env Completed in 1ms
9 timing config:load:file:/home/brunoknapp9/backend/.npmrc Completed in 1ms
10 timing config:load:project Completed in 3ms
11 timing config:load:file:/home/brunoknapp9/.npmrc Completed in 0ms
12 timing config:load:user Completed in 2ms
13 timing config:load:file:/etc/npmrc Completed in 1ms
14 timing config:load:global Completed in 1ms
15 timing config:load:setEnvs Completed in 3ms
16 timing config:load Completed in 25ms
17 timing npm:load:configload Completed in 25ms
18 timing npm:load:mkdirpcache Completed in 0ms
19 timing npm:load:mkdirplogs Completed in 1ms
20 verbose title npm init
21 verbose argv "init" "--yes"
22 timing npm:load:setTitle Completed in 3ms
23 timing config:load:flatten Completed in 10ms
24 timing npm:load:display Completed in 13ms
25 verbose logfile logs-max:10 dir:/home/brunoknapp9/.npm/_logs/2026-05-16T22_40_51_344Z-
26 verbose logfile /home/brunoknapp9/.npm/_logs/2026-05-16T22_40_51_344Z-debug-0.log
27 timing npm:load:logFile Completed in 9ms
28 timing npm:load:timers Completed in 0ms
29 timing npm:load:configScope Completed in 1ms
30 timing npm:load Completed in 53ms
31 silly logfile done cleaning log files
32 timing config:load:flatten Completed in 1ms
33 silly package data {
33 silly package data   name: 'backend',
33 silly package data   version: '1.0.0',
33 silly package data   main: 'index.js',
33 silly package data   scripts: { test: 'echo "Error: no test specified" && exit 1' },
33 silly package data   keywords: [],
33 silly package data   author: '',
33 silly package data   license: 'ISC',
33 silly package data   description: '',
33 silly package data   [Symbol(newline)]: '\n',
33 silly package data   [Symbol(indent)]: '  '
33 silly package data }
34 info init written successfully
35 timing command:init Completed in 71ms
36 verbose exit 0
37 timing npm Completed in 198ms
38 info ok
