0 verbose cli /usr/bin/node /usr/bin/npm
1 info using npm@9.2.0
2 info using node@v18.20.4
3 timing npm:load:whichnode Completed in 0ms
4 timing config:load:defaults Completed in 3ms
5 timing config:load:file:/usr/share/nodejs/npm/npmrc Completed in 4ms
6 timing config:load:builtin Completed in 4ms
7 timing config:load:cli Completed in 3ms
8 timing config:load:env Completed in 1ms
9 timing config:load:file:/home/brunoknapp9/madeira-de-art/backend/.npmrc Completed in 0ms
10 timing config:load:project Completed in 3ms
11 timing config:load:file:/home/brunoknapp9/.npmrc Completed in 1ms
12 timing config:load:user Completed in 1ms
13 timing config:load:file:/etc/npmrc Completed in 1ms
14 timing config:load:global Completed in 1ms
15 timing config:load:setEnvs Completed in 1ms
16 timing config:load Completed in 18ms
17 timing npm:load:configload Completed in 18ms
18 timing npm:load:mkdirpcache Completed in 0ms
19 timing npm:load:mkdirplogs Completed in 1ms
20 verbose title npm install express cors mercadopago
21 verbose argv "install" "express" "cors" "mercadopago"
22 timing npm:load:setTitle Completed in 2ms
23 timing config:load:flatten Completed in 6ms
24 timing npm:load:display Completed in 7ms
25 verbose logfile logs-max:10 dir:/home/brunoknapp9/.npm/_logs/2026-05-16T22_54_06_364Z-
26 verbose logfile /home/brunoknapp9/.npm/_logs/2026-05-16T22_54_06_364Z-debug-0.log
27 timing npm:load:logFile Completed in 9ms
28 timing npm:load:timers Completed in 0ms
29 timing npm:load:configScope Completed in 0ms
30 timing npm:load Completed in 38ms
31 silly logfile start cleaning logs, removing 1 files
32 timing config:load:flatten Completed in 1ms
33 timing arborist:ctor Completed in 1ms
34 silly logfile done cleaning log files
35 timing arborist:ctor Completed in 0ms
36 timing idealTree:init Completed in 21ms
37 timing idealTree:userRequests Completed in 6ms
38 silly idealTree buildDeps
39 silly fetch manifest express@*
40 http fetch GET 200 https://registry.npmjs.org/express 266ms (cache revalidated)
41 silly fetch manifest cors@*
42 http fetch GET 200 https://registry.npmjs.org/cors 51ms (cache revalidated)
43 silly fetch manifest mercadopago@*
44 http fetch GET 200 https://registry.npmjs.org/mercadopago 51ms (cache revalidated)
45 silly placeDep ROOT cors@2.8.6 OK for: backend@1.0.0 want: *
46 silly placeDep ROOT express@5.2.1 OK for: backend@1.0.0 want: *
47 silly placeDep ROOT mercadopago@2.12.1 OK for: backend@1.0.0 want: *
48 silly fetch manifest object-assign@^4
49 silly fetch manifest vary@^1
50 silly fetch manifest qs@^6.14.0
51 silly fetch manifest depd@^2.0.0
52 silly fetch manifest etag@^1.8.1
53 silly fetch manifest once@^1.4.0
54 silly fetch manifest send@^1.1.0
55 silly fetch manifest vary@^1.1.2
56 silly fetch manifest debug@^4.4.0
57 silly fetch manifest fresh@^2.0.0
58 silly fetch manifest cookie@^0.7.1
59 silly fetch manifest router@^2.2.0
60 silly fetch manifest accepts@^2.0.0
61 silly fetch manifest type-is@^2.0.1
62 silly fetch manifest parseurl@^1.3.3
63 silly fetch manifest statuses@^2.0.1
64 silly fetch manifest encodeurl@^2.0.0
65 silly fetch manifest mime-types@^3.0.0
66 silly fetch manifest proxy-addr@^2.0.7
67 silly fetch manifest body-parser@^2.2.1
68 silly fetch manifest escape-html@^1.0.3
69 silly fetch manifest http-errors@^2.0.0
70 silly fetch manifest on-finished@^2.4.1
71 silly fetch manifest content-type@^1.0.5
72 silly fetch manifest finalhandler@^2.1.0
73 silly fetch manifest range-parser@^1.2.1
74 silly fetch manifest serve-static@^2.2.0
75 silly fetch manifest cookie-signature@^1.2.1
76 silly fetch manifest merge-descriptors@^2.0.0
77 silly fetch manifest content-disposition@^1.0.0
78 silly fetch manifest node-fetch@^2.7.0
79 silly fetch manifest uuid@^9.0.0
80 http fetch GET 200 https://registry.npmjs.org/object-assign 201ms (cache revalidated)
81 http fetch GET 200 https://registry.npmjs.org/mime-types 211ms (cache revalidated)
82 http fetch GET 200 https://registry.npmjs.org/vary 265ms (cache revalidated)
83 http fetch GET 200 https://registry.npmjs.org/once 276ms (cache revalidated)
84 http fetch GET 200 https://registry.npmjs.org/fresh 278ms (cache revalidated)
85 http fetch GET 200 https://registry.npmjs.org/encodeurl 274ms (cache revalidated)
86 http fetch GET 200 https://registry.npmjs.org/router 281ms (cache revalidated)
87 http fetch GET 200 https://registry.npmjs.org/send 291ms (cache revalidated)
88 http fetch GET 200 https://registry.npmjs.org/qs 298ms (cache revalidated)
89 http fetch GET 200 https://registry.npmjs.org/depd 305ms (cache revalidated)
90 http fetch GET 200 https://registry.npmjs.org/vary 309ms (cache revalidated)
91 http fetch GET 200 https://registry.npmjs.org/parseurl 294ms (cache revalidated)
92 http fetch GET 200 https://registry.npmjs.org/cookie 298ms (cache revalidated)
93 http fetch GET 200 https://registry.npmjs.org/statuses 298ms (cache revalidated)
94 http fetch GET 200 https://registry.npmjs.org/accepts 302ms (cache revalidated)
95 http fetch GET 200 https://registry.npmjs.org/escape-html 304ms (cache revalidated)
96 http fetch GET 200 https://registry.npmjs.org/type-is 314ms (cache revalidated)
97 http fetch GET 200 https://registry.npmjs.org/proxy-addr 317ms (cache revalidated)
98 http fetch GET 200 https://registry.npmjs.org/on-finished 322ms (cache revalidated)
99 http fetch GET 200 https://registry.npmjs.org/finalhandler 325ms (cache revalidated)
100 http fetch GET 200 https://registry.npmjs.org/serve-static 321ms (cache revalidated)
101 http fetch GET 200 https://registry.npmjs.org/body-parser 338ms (cache revalidated)
102 http fetch GET 200 https://registry.npmjs.org/range-parser 328ms (cache revalidated)
103 http fetch GET 200 https://registry.npmjs.org/content-type 335ms (cache revalidated)
104 http fetch GET 200 https://registry.npmjs.org/http-errors 340ms (cache revalidated)
105 http fetch GET 200 https://registry.npmjs.org/content-disposition 328ms (cache revalidated)
106 http fetch GET 200 https://registry.npmjs.org/etag 366ms (cache revalidated)
107 http fetch GET 200 https://registry.npmjs.org/cookie-signature 332ms (cache revalidated)
108 http fetch GET 200 https://registry.npmjs.org/merge-descriptors 331ms (cache revalidated)
109 http fetch GET 200 https://registry.npmjs.org/uuid 328ms (cache revalidated)
110 http fetch GET 200 https://registry.npmjs.org/debug 366ms (cache revalidated)
111 http fetch GET 200 https://registry.npmjs.org/node-fetch 335ms (cache revalidated)
112 timing idealTree:#root Completed in 805ms
113 silly placeDep ROOT object-assign@4.1.1 OK for: cors@2.8.6 want: ^4
114 silly placeDep ROOT vary@1.1.2 OK for: cors@2.8.6 want: ^1
115 timing idealTree:node_modules/cors Completed in 5ms
116 silly placeDep ROOT accepts@2.0.0 OK for: express@5.2.1 want: ^2.0.0
117 silly placeDep ROOT body-parser@2.2.2 OK for: express@5.2.1 want: ^2.2.1
118 silly placeDep ROOT content-disposition@1.1.0 OK for: express@5.2.1 want: ^1.0.0
119 silly placeDep ROOT content-type@1.0.5 OK for: express@5.2.1 want: ^1.0.5
120 silly placeDep ROOT cookie@0.7.2 OK for: express@5.2.1 want: ^0.7.1
121 silly placeDep ROOT cookie-signature@1.2.2 OK for: express@5.2.1 want: ^1.2.1
122 silly placeDep ROOT debug@4.4.3 OK for: express@5.2.1 want: ^4.4.0
123 silly placeDep ROOT depd@2.0.0 OK for: express@5.2.1 want: ^2.0.0
124 silly placeDep ROOT encodeurl@2.0.0 OK for: express@5.2.1 want: ^2.0.0
125 silly placeDep ROOT escape-html@1.0.3 OK for: express@5.2.1 want: ^1.0.3
126 silly placeDep ROOT etag@1.8.1 OK for: express@5.2.1 want: ^1.8.1
127 silly placeDep ROOT finalhandler@2.1.1 OK for: express@5.2.1 want: ^2.1.0
128 silly placeDep ROOT fresh@2.0.0 OK for: express@5.2.1 want: ^2.0.0
129 silly placeDep ROOT http-errors@2.0.1 OK for: express@5.2.1 want: ^2.0.0
130 silly placeDep ROOT merge-descriptors@2.0.0 OK for: express@5.2.1 want: ^2.0.0
131 silly placeDep ROOT mime-types@3.0.2 OK for: express@5.2.1 want: ^3.0.0
132 silly placeDep ROOT on-finished@2.4.1 OK for: express@5.2.1 want: ^2.4.1
133 silly placeDep ROOT once@1.4.0 OK for: express@5.2.1 want: ^1.4.0
134 silly placeDep ROOT parseurl@1.3.3 OK for: express@5.2.1 want: ^1.3.3
135 silly placeDep ROOT proxy-addr@2.0.7 OK for: express@5.2.1 want: ^2.0.7
136 silly placeDep ROOT qs@6.15.1 OK for: express@5.2.1 want: ^6.14.0
137 silly placeDep ROOT range-parser@1.2.1 OK for: express@5.2.1 want: ^1.2.1
138 silly placeDep ROOT router@2.2.0 OK for: express@5.2.1 want: ^2.2.0
139 silly placeDep ROOT send@1.2.1 OK for: express@5.2.1 want: ^1.1.0
140 silly placeDep ROOT serve-static@2.2.1 OK for: express@5.2.1 want: ^2.2.0
141 silly placeDep ROOT statuses@2.0.2 OK for: express@5.2.1 want: ^2.0.1
142 silly placeDep ROOT type-is@2.1.0 OK for: express@5.2.1 want: ^2.0.1
143 silly fetch manifest negotiator@^1.0.0
144 silly fetch manifest bytes@^3.1.2
145 silly fetch manifest raw-body@^3.0.1
146 silly fetch manifest iconv-lite@^0.7.0
147 silly fetch manifest ms@^2.1.3
148 silly fetch manifest inherits@~2.0.4
149 silly fetch manifest setprototypeof@~1.2.0
150 silly fetch manifest toidentifier@~1.0.1
151 silly fetch manifest mime-db@^1.54.0
152 silly fetch manifest ee-first@1.1.1
153 silly fetch manifest wrappy@1
154 silly fetch manifest forwarded@0.2.0
155 silly fetch manifest ipaddr.js@1.9.1
156 silly fetch manifest side-channel@^1.1.0
157 silly fetch manifest is-promise@^4.0.0
158 silly fetch manifest path-to-regexp@^8.0.0
159 silly fetch manifest content-type@^2.0.0
160 silly fetch manifest media-typer@^1.1.0
161 http fetch GET 200 https://registry.npmjs.org/negotiator 144ms (cache revalidated)
162 http fetch GET 200 https://registry.npmjs.org/ipaddr.js 126ms (cache revalidated)
163 http fetch GET 200 https://registry.npmjs.org/inherits 142ms (cache revalidated)
164 http fetch GET 200 https://registry.npmjs.org/side-channel 129ms (cache revalidated)
165 http fetch GET 200 https://registry.npmjs.org/setprototypeof 143ms (cache revalidated)
166 http fetch GET 200 https://registry.npmjs.org/bytes 152ms (cache revalidated)
167 http fetch GET 200 https://registry.npmjs.org/ms 148ms (cache revalidated)
168 http fetch GET 200 https://registry.npmjs.org/wrappy 137ms (cache revalidated)
169 http fetch GET 200 https://registry.npmjs.org/iconv-lite 153ms (cache revalidated)
170 http fetch GET 200 https://registry.npmjs.org/toidentifier 149ms (cache revalidated)
171 http fetch GET 200 https://registry.npmjs.org/path-to-regexp 135ms (cache revalidated)
172 http fetch GET 200 https://registry.npmjs.org/raw-body 159ms (cache revalidated)
173 http fetch GET 200 https://registry.npmjs.org/mime-db 152ms (cache revalidated)
174 http fetch GET 200 https://registry.npmjs.org/ee-first 147ms (cache revalidated)
175 http fetch GET 200 https://registry.npmjs.org/is-promise 141ms (cache revalidated)
176 http fetch GET 200 https://registry.npmjs.org/forwarded 149ms (cache revalidated)
177 http fetch GET 200 https://registry.npmjs.org/media-typer 143ms (cache revalidated)
178 timing idealTree:node_modules/express Completed in 234ms
179 silly placeDep ROOT negotiator@1.0.0 OK for: accepts@2.0.0 want: ^1.0.0
180 timing idealTree:node_modules/accepts Completed in 2ms
181 silly placeDep ROOT bytes@3.1.2 OK for: body-parser@2.2.2 want: ^3.1.2
182 silly placeDep ROOT iconv-lite@0.7.2 OK for: body-parser@2.2.2 want: ^0.7.0
183 silly placeDep ROOT raw-body@3.0.2 OK for: body-parser@2.2.2 want: ^3.0.1
184 silly fetch manifest safer-buffer@>= 2.1.2 < 3.0.0
185 silly fetch manifest unpipe@~1.0.0
186 http fetch GET 200 https://registry.npmjs.org/safer-buffer 45ms (cache revalidated)
187 http fetch GET 200 https://registry.npmjs.org/unpipe 46ms (cache revalidated)
188 timing idealTree:node_modules/body-parser Completed in 54ms
189 timing idealTree:node_modules/bytes Completed in 0ms
190 timing idealTree:node_modules/content-disposition Completed in 0ms
191 timing idealTree:node_modules/content-type Completed in 0ms
192 timing idealTree:node_modules/cookie Completed in 0ms
193 timing idealTree:node_modules/cookie-signature Completed in 0ms
194 silly placeDep ROOT ms@2.1.3 OK for: debug@4.4.3 want: ^2.1.3
195 timing idealTree:node_modules/debug Completed in 2ms
196 timing idealTree:node_modules/depd Completed in 0ms
197 timing idealTree:node_modules/encodeurl Completed in 0ms
198 timing idealTree:node_modules/escape-html Completed in 0ms
199 timing idealTree:node_modules/etag Completed in 0ms
200 timing idealTree:node_modules/finalhandler Completed in 0ms
201 timing idealTree:node_modules/fresh Completed in 0ms
202 silly placeDep ROOT inherits@2.0.4 OK for: http-errors@2.0.1 want: ~2.0.4
203 silly placeDep ROOT setprototypeof@1.2.0 OK for: http-errors@2.0.1 want: ~1.2.0
204 silly placeDep ROOT toidentifier@1.0.1 OK for: http-errors@2.0.1 want: ~1.0.1
205 timing idealTree:node_modules/http-errors Completed in 5ms
206 silly placeDep ROOT safer-buffer@2.1.2 OK for: iconv-lite@0.7.2 want: >= 2.1.2 < 3.0.0
207 timing idealTree:node_modules/iconv-lite Completed in 1ms
208 timing idealTree:node_modules/inherits Completed in 1ms
209 silly fetch manifest encoding@^0.1.0
210 http fetch GET 200 https://registry.npmjs.org/encoding 46ms (cache revalidated)
211 silly placeDep ROOT node-fetch@2.7.0 OK for: mercadopago@2.12.1 want: ^2.7.0
212 silly placeDep ROOT uuid@9.0.1 OK for: mercadopago@2.12.1 want: ^9.0.0
213 silly fetch manifest whatwg-url@^5.0.0
214 http fetch GET 200 https://registry.npmjs.org/whatwg-url 48ms (cache revalidated)
215 timing idealTree:node_modules/mercadopago Completed in 104ms
216 timing idealTree:node_modules/merge-descriptors Completed in 0ms
217 silly placeDep ROOT mime-db@1.54.0 OK for: mime-types@3.0.2 want: ^1.54.0
218 timing idealTree:node_modules/mime-types Completed in 2ms
219 timing idealTree:node_modules/mime-db Completed in 0ms
220 timing idealTree:node_modules/ms Completed in 0ms
221 timing idealTree:node_modules/negotiator Completed in 0ms
222 silly placeDep ROOT whatwg-url@5.0.0 OK for: node-fetch@2.7.0 want: ^5.0.0
223 silly fetch manifest tr46@~0.0.3
224 silly fetch manifest webidl-conversions@^3.0.0
225 http fetch GET 200 https://registry.npmjs.org/tr46 47ms (cache revalidated)
226 http fetch GET 200 https://registry.npmjs.org/webidl-conversions 61ms (cache revalidated)
227 timing idealTree:node_modules/node-fetch Completed in 66ms
228 timing idealTree:node_modules/object-assign Completed in 0ms
229 silly placeDep ROOT ee-first@1.1.1 OK for: on-finished@2.4.1 want: 1.1.1
230 timing idealTree:node_modules/on-finished Completed in 3ms
231 timing idealTree:node_modules/ee-first Completed in 0ms
232 silly placeDep ROOT wrappy@1.0.2 OK for: once@1.4.0 want: 1
233 timing idealTree:node_modules/once Completed in 2ms
234 timing idealTree:node_modules/parseurl Completed in 0ms
235 silly placeDep ROOT forwarded@0.2.0 OK for: proxy-addr@2.0.7 want: 0.2.0
236 silly placeDep ROOT ipaddr.js@1.9.1 OK for: proxy-addr@2.0.7 want: 1.9.1
237 timing idealTree:node_modules/proxy-addr Completed in 4ms
238 timing idealTree:node_modules/forwarded Completed in 0ms
239 timing idealTree:node_modules/ipaddr.js Completed in 0ms
240 silly placeDep ROOT side-channel@1.1.0 OK for: qs@6.15.1 want: ^1.1.0
241 silly fetch manifest es-errors@^1.3.0
242 silly fetch manifest object-inspect@^1.13.3
243 silly fetch manifest side-channel-list@^1.0.0
244 silly fetch manifest side-channel-map@^1.0.1
245 silly fetch manifest side-channel-weakmap@^1.0.2
246 http fetch GET 200 https://registry.npmjs.org/side-channel-list 61ms (cache revalidated)
247 http fetch GET 200 https://registry.npmjs.org/side-channel-weakmap 60ms (cache revalidated)
248 http fetch GET 200 https://registry.npmjs.org/object-inspect 64ms (cache revalidated)
249 http fetch GET 200 https://registry.npmjs.org/side-channel-map 63ms (cache revalidated)
250 http fetch GET 200 https://registry.npmjs.org/es-errors 69ms (cache revalidated)
251 timing idealTree:node_modules/qs Completed in 73ms
252 timing idealTree:node_modules/range-parser Completed in 0ms
253 silly placeDep ROOT unpipe@1.0.0 OK for: raw-body@3.0.2 want: ~1.0.0
254 timing idealTree:node_modules/raw-body Completed in 1ms
255 silly placeDep ROOT is-promise@4.0.0 OK for: router@2.2.0 want: ^4.0.0
256 silly placeDep ROOT path-to-regexp@8.4.2 OK for: router@2.2.0 want: ^8.0.0
257 timing idealTree:node_modules/router Completed in 4ms
258 timing idealTree:node_modules/is-promise Completed in 0ms
259 timing idealTree:node_modules/path-to-regexp Completed in 0ms
260 timing idealTree:node_modules/safer-buffer Completed in 0ms
261 timing idealTree:node_modules/send Completed in 1ms
262 timing idealTree:node_modules/serve-static Completed in 0ms
263 timing idealTree:node_modules/setprototypeof Completed in 0ms
264 silly placeDep ROOT es-errors@1.3.0 OK for: side-channel@1.1.0 want: ^1.3.0
265 silly placeDep ROOT object-inspect@1.13.4 OK for: side-channel@1.1.0 want: ^1.13.3
266 silly placeDep ROOT side-channel-list@1.0.1 OK for: side-channel@1.1.0 want: ^1.0.0
267 silly placeDep ROOT side-channel-map@1.0.1 OK for: side-channel@1.1.0 want: ^1.0.1
268 silly placeDep ROOT side-channel-weakmap@1.0.2 OK for: side-channel@1.1.0 want: ^1.0.2
269 silly fetch manifest call-bound@^1.0.2
270 silly fetch manifest get-intrinsic@^1.2.5
271 http fetch GET 200 https://registry.npmjs.org/call-bound 47ms (cache revalidated)
272 http fetch GET 200 https://registry.npmjs.org/get-intrinsic 47ms (cache revalidated)
273 timing idealTree:node_modules/side-channel Completed in 59ms
274 timing idealTree:node_modules/es-errors Completed in 0ms
275 timing idealTree:node_modules/object-inspect Completed in 0ms
276 timing idealTree:node_modules/side-channel-list Completed in 0ms
277 silly placeDep ROOT call-bound@1.0.4 OK for: side-channel-map@1.0.1 want: ^1.0.2
278 silly placeDep ROOT get-intrinsic@1.3.0 OK for: side-channel-map@1.0.1 want: ^1.2.5
279 silly fetch manifest call-bind-apply-helpers@^1.0.2
280 silly fetch manifest gopd@^1.2.0
281 silly fetch manifest hasown@^2.0.2
282 silly fetch manifest get-proto@^1.0.1
283 silly fetch manifest has-symbols@^1.1.0
284 silly fetch manifest function-bind@^1.1.2
285 silly fetch manifest es-object-atoms@^1.1.1
286 silly fetch manifest math-intrinsics@^1.1.0
287 silly fetch manifest es-define-property@^1.0.1
288 http fetch GET 200 https://registry.npmjs.org/gopd 80ms (cache revalidated)
289 http fetch GET 200 https://registry.npmjs.org/es-object-atoms 75ms (cache revalidated)
290 http fetch GET 200 https://registry.npmjs.org/has-symbols 79ms (cache revalidated)
291 http fetch GET 200 https://registry.npmjs.org/get-proto 81ms (cache revalidated)
292 http fetch GET 200 https://registry.npmjs.org/hasown 85ms (cache revalidated)
293 http fetch GET 200 https://registry.npmjs.org/math-intrinsics 81ms (cache revalidated)
294 http fetch GET 200 https://registry.npmjs.org/call-bind-apply-helpers 90ms (cache revalidated)
295 http fetch GET 200 https://registry.npmjs.org/es-define-property 81ms (cache revalidated)
296 http fetch GET 200 https://registry.npmjs.org/function-bind 85ms (cache revalidated)
297 timing idealTree:node_modules/side-channel-map Completed in 95ms
298 silly placeDep ROOT call-bind-apply-helpers@1.0.2 OK for: call-bound@1.0.4 want: ^1.0.2
299 timing idealTree:node_modules/call-bound Completed in 2ms
300 silly placeDep ROOT function-bind@1.1.2 OK for: call-bind-apply-helpers@1.0.2 want: ^1.1.2
301 timing idealTree:node_modules/call-bind-apply-helpers Completed in 2ms
302 timing idealTree:node_modules/function-bind Completed in 0ms
303 silly placeDep ROOT es-define-property@1.0.1 OK for: get-intrinsic@1.3.0 want: ^1.0.1
304 silly placeDep ROOT es-object-atoms@1.1.1 OK for: get-intrinsic@1.3.0 want: ^1.1.1
305 silly placeDep ROOT get-proto@1.0.1 OK for: get-intrinsic@1.3.0 want: ^1.0.1
306 silly placeDep ROOT gopd@1.2.0 OK for: get-intrinsic@1.3.0 want: ^1.2.0
307 silly placeDep ROOT has-symbols@1.1.0 OK for: get-intrinsic@1.3.0 want: ^1.1.0
308 silly placeDep ROOT hasown@2.0.3 OK for: get-intrinsic@1.3.0 want: ^2.0.2
309 silly placeDep ROOT math-intrinsics@1.1.0 OK for: get-intrinsic@1.3.0 want: ^1.1.0
310 silly fetch manifest dunder-proto@^1.0.1
311 http fetch GET 200 https://registry.npmjs.org/dunder-proto 48ms (cache revalidated)
312 timing idealTree:node_modules/get-intrinsic Completed in 60ms
313 timing idealTree:node_modules/es-define-property Completed in 0ms
314 timing idealTree:node_modules/es-object-atoms Completed in 0ms
315 silly placeDep ROOT dunder-proto@1.0.1 OK for: get-proto@1.0.1 want: ^1.0.1
316 timing idealTree:node_modules/get-proto Completed in 2ms
317 timing idealTree:node_modules/dunder-proto Completed in 0ms
318 timing idealTree:node_modules/gopd Completed in 0ms
319 timing idealTree:node_modules/has-symbols Completed in 0ms
320 timing idealTree:node_modules/hasown Completed in 0ms
321 timing idealTree:node_modules/math-intrinsics Completed in 0ms
322 timing idealTree:node_modules/side-channel-weakmap Completed in 0ms
323 timing idealTree:node_modules/statuses Completed in 0ms
324 timing idealTree:node_modules/toidentifier Completed in 0ms
325 silly placeDep node_modules/type-is content-type@2.0.0 OK for: type-is@2.1.0 want: ^2.0.0
326 silly placeDep ROOT media-typer@1.1.0 OK for: type-is@2.1.0 want: ^1.1.0
327 timing idealTree:node_modules/type-is Completed in 5ms
328 timing idealTree:node_modules/media-typer Completed in 0ms
329 timing idealTree:node_modules/unpipe Completed in 0ms
330 timing idealTree:node_modules/uuid Completed in 0ms
331 timing idealTree:node_modules/vary Completed in 0ms
332 silly placeDep ROOT tr46@0.0.3 OK for: whatwg-url@5.0.0 want: ~0.0.3
333 silly placeDep ROOT webidl-conversions@3.0.1 OK for: whatwg-url@5.0.0 want: ^3.0.0
334 timing idealTree:node_modules/whatwg-url Completed in 3ms
335 timing idealTree:node_modules/tr46 Completed in 0ms
336 timing idealTree:node_modules/webidl-conversions Completed in 0ms
337 timing idealTree:node_modules/wrappy Completed in 0ms
338 timing idealTree:node_modules/type-is/node_modules/content-type Completed in 0ms
339 timing idealTree:buildDeps Completed in 1604ms
340 timing idealTree:fixDepFlags Completed in 2ms
341 timing idealTree Completed in 1638ms
342 timing reify:loadTrees Completed in 1640ms
343 timing reify:diffTrees Completed in 3ms
344 silly reify moves {}
345 timing reify:retireShallow Completed in 2ms
346 timing reify:createSparse Completed in 11ms
347 timing reify:loadBundles Completed in 0ms
348 silly audit bulk request {
348 silly audit   cors: [ '2.8.6' ],
348 silly audit   express: [ '5.2.1' ],
348 silly audit   mercadopago: [ '2.12.1' ],
348 silly audit   'object-assign': [ '4.1.1' ],
348 silly audit   vary: [ '1.1.2' ],
348 silly audit   accepts: [ '2.0.0' ],
348 silly audit   'body-parser': [ '2.2.2' ],
348 silly audit   'content-disposition': [ '1.1.0' ],
348 silly audit   'content-type': [ '1.0.5', '2.0.0' ],
348 silly audit   cookie: [ '0.7.2' ],
348 silly audit   'cookie-signature': [ '1.2.2' ],
348 silly audit   debug: [ '4.4.3' ],
348 silly audit   depd: [ '2.0.0' ],
348 silly audit   encodeurl: [ '2.0.0' ],
348 silly audit   'escape-html': [ '1.0.3' ],
348 silly audit   etag: [ '1.8.1' ],
348 silly audit   finalhandler: [ '2.1.1' ],
348 silly audit   fresh: [ '2.0.0' ],
348 silly audit   'http-errors': [ '2.0.1' ],
348 silly audit   'merge-descriptors': [ '2.0.0' ],
348 silly audit   'mime-types': [ '3.0.2' ],
348 silly audit   'on-finished': [ '2.4.1' ],
348 silly audit   once: [ '1.4.0' ],
348 silly audit   parseurl: [ '1.3.3' ],
348 silly audit   'proxy-addr': [ '2.0.7' ],
348 silly audit   qs: [ '6.15.1' ],
348 silly audit   'range-parser': [ '1.2.1' ],
348 silly audit   router: [ '2.2.0' ],
348 silly audit   send: [ '1.2.1' ],
348 silly audit   'serve-static': [ '2.2.1' ],
348 silly audit   statuses: [ '2.0.2' ],
348 silly audit   'type-is': [ '2.1.0' ],
348 silly audit   negotiator: [ '1.0.0' ],
348 silly audit   bytes: [ '3.1.2' ],
348 silly audit   'iconv-lite': [ '0.7.2' ],
348 silly audit   'raw-body': [ '3.0.2' ],
348 silly audit   ms: [ '2.1.3' ],
348 silly audit   inherits: [ '2.0.4' ],
348 silly audit   setprototypeof: [ '1.2.0' ],
348 silly audit   toidentifier: [ '1.0.1' ],
348 silly audit   'safer-buffer': [ '2.1.2' ],
348 silly audit   'node-fetch': [ '2.7.0' ],
348 silly audit   uuid: [ '9.0.1' ],
348 silly audit   'mime-db': [ '1.54.0' ],
348 silly audit   'whatwg-url': [ '5.0.0' ],
348 silly audit   'ee-first': [ '1.1.1' ],
348 silly audit   wrappy: [ '1.0.2' ],
348 silly audit   forwarded: [ '0.2.0' ],
348 silly audit   'ipaddr.js': [ '1.9.1' ],
348 silly audit   'side-channel': [ '1.1.0' ],
348 silly audit   unpipe: [ '1.0.0' ],
348 silly audit   'is-promise': [ '4.0.0' ],
348 silly audit   'path-to-regexp': [ '8.4.2' ],
348 silly audit   'es-errors': [ '1.3.0' ],
348 silly audit   'object-inspect': [ '1.13.4' ],
348 silly audit   'side-channel-list': [ '1.0.1' ],
348 silly audit   'side-channel-map': [ '1.0.1' ],
348 silly audit   'side-channel-weakmap': [ '1.0.2' ],
348 silly audit   'call-bound': [ '1.0.4' ],
348 silly audit   'get-intrinsic': [ '1.3.0' ],
348 silly audit   'call-bind-apply-helpers': [ '1.0.2' ],
348 silly audit   'function-bind': [ '1.1.2' ],
348 silly audit   'es-define-property': [ '1.0.1' ],
348 silly audit   'es-object-atoms': [ '1.1.1' ],
348 silly audit   'get-proto': [ '1.0.1' ],
348 silly audit   gopd: [ '1.2.0' ],
348 silly audit   'has-symbols': [ '1.1.0' ],
348 silly audit   hasown: [ '2.0.3' ],
348 silly audit   'math-intrinsics': [ '1.1.0' ],
348 silly audit   'dunder-proto': [ '1.0.1' ],
348 silly audit   'media-typer': [ '1.1.0' ],
348 silly audit   tr46: [ '0.0.3' ],
348 silly audit   'webidl-conversions': [ '3.0.1' ]
348 silly audit }
349 http fetch POST 200 https://registry.npmjs.org/-/npm/v1/security/advisories/bulk 329ms
350 timing auditReport:getReport Completed in 335ms
351 silly audit report {}
352 timing auditReport:init Completed in 0ms
353 timing reify:audit Completed in 337ms
354 timing reifyNode:node_modules/ee-first Completed in 348ms
355 timing reifyNode:node_modules/wrappy Completed in 349ms
356 timing reifyNode:node_modules/ms Completed in 349ms
357 timing reifyNode:node_modules/once Completed in 349ms
358 timing reifyNode:node_modules/escape-html Completed in 349ms
359 timing reifyNode:node_modules/encodeurl Completed in 350ms
360 timing reifyNode:node_modules/object-assign Completed in 353ms
361 timing reifyNode:node_modules/webidl-conversions Completed in 360ms
362 timing reifyNode:node_modules/media-typer Completed in 361ms
363 timing reifyNode:node_modules/unpipe Completed in 363ms
364 timing reifyNode:node_modules/forwarded Completed in 364ms
365 timing reifyNode:node_modules/inherits Completed in 364ms
366 timing reifyNode:node_modules/toidentifier Completed in 365ms
367 timing reifyNode:node_modules/bytes Completed in 365ms
368 timing reifyNode:node_modules/serve-static Completed in 366ms
369 timing reifyNode:node_modules/range-parser Completed in 366ms
370 timing reifyNode:node_modules/parseurl Completed in 367ms
371 timing reifyNode:node_modules/merge-descriptors Completed in 367ms
372 timing reifyNode:node_modules/http-errors Completed in 368ms
373 timing reifyNode:node_modules/fresh Completed in 368ms
374 timing reifyNode:node_modules/etag Completed in 368ms
375 timing reifyNode:node_modules/cookie-signature Completed in 367ms
376 timing reifyNode:node_modules/content-type Completed in 368ms
377 timing reifyNode:node_modules/accepts Completed in 368ms
378 timing reifyNode:node_modules/vary Completed in 368ms
379 timing reifyNode:node_modules/is-promise Completed in 376ms
380 timing reifyNode:node_modules/proxy-addr Completed in 376ms
381 timing reifyNode:node_modules/on-finished Completed in 376ms
382 timing reifyNode:node_modules/content-disposition Completed in 376ms
383 timing reifyNode:node_modules/cors Completed in 377ms
384 timing reifyNode:node_modules/setprototypeof Completed in 382ms
385 timing reifyNode:node_modules/raw-body Completed in 383ms
386 timing reifyNode:node_modules/type-is Completed in 383ms
387 timing reifyNode:node_modules/statuses Completed in 383ms
388 timing reifyNode:node_modules/send Completed in 384ms
389 timing reifyNode:node_modules/finalhandler Completed in 383ms
390 timing reifyNode:node_modules/cookie Completed in 383ms
391 timing reifyNode:node_modules/mime-types Completed in 395ms
392 timing reifyNode:node_modules/debug Completed in 401ms
393 timing reifyNode:node_modules/type-is/node_modules/content-type Completed in 405ms
394 timing reifyNode:node_modules/safer-buffer Completed in 410ms
395 timing reifyNode:node_modules/depd Completed in 409ms
396 timing reifyNode:node_modules/hasown Completed in 415ms
397 timing reifyNode:node_modules/path-to-regexp Completed in 416ms
398 timing reifyNode:node_modules/ipaddr.js Completed in 417ms
399 timing reifyNode:node_modules/call-bound Completed in 427ms
400 timing reifyNode:node_modules/whatwg-url Completed in 429ms
401 timing reifyNode:node_modules/negotiator Completed in 428ms
402 timing reifyNode:node_modules/router Completed in 427ms
403 timing reifyNode:node_modules/side-channel-weakmap Completed in 432ms
404 timing reifyNode:node_modules/es-define-property Completed in 436ms
405 timing reifyNode:node_modules/body-parser Completed in 435ms
406 timing reifyNode:node_modules/gopd Completed in 441ms
407 timing reifyNode:node_modules/side-channel-map Completed in 442ms
408 timing reifyNode:node_modules/side-channel Completed in 443ms
409 timing reifyNode:node_modules/get-intrinsic Completed in 445ms
410 timing reifyNode:node_modules/side-channel-list Completed in 445ms
411 timing reifyNode:node_modules/dunder-proto Completed in 451ms
412 timing reifyNode:node_modules/es-object-atoms Completed in 451ms
413 timing reifyNode:node_modules/function-bind Completed in 451ms
414 timing reifyNode:node_modules/express Completed in 449ms
415 timing reifyNode:node_modules/get-proto Completed in 454ms
416 timing reifyNode:node_modules/node-fetch Completed in 453ms
417 timing reifyNode:node_modules/mime-db Completed in 460ms
418 timing reifyNode:node_modules/tr46 Completed in 464ms
419 timing reifyNode:node_modules/has-symbols Completed in 466ms
420 timing reifyNode:node_modules/call-bind-apply-helpers Completed in 469ms
421 timing reifyNode:node_modules/es-errors Completed in 470ms
422 timing reifyNode:node_modules/math-intrinsics Completed in 488ms
423 timing reifyNode:node_modules/object-inspect Completed in 490ms
424 timing reifyNode:node_modules/qs Completed in 491ms
425 timing reifyNode:node_modules/iconv-lite Completed in 502ms
426 warn deprecated uuid@9.0.1: uuid@10 and below is no longer supported.  For ESM codebases, update to uuid@latest.  For CommonJS codebases, use uuid@11 (but be aware this version will likely be deprecated in 2028).
427 timing reifyNode:node_modules/uuid Completed in 515ms
428 timing reifyNode:node_modules/mercadopago Completed in 654ms
429 timing reify:unpack Completed in 660ms
430 timing reify:unretire Completed in 1ms
431 timing build:queue Completed in 4ms
432 timing build:link:node_modules/uuid Completed in 3ms
433 timing build:link Completed in 4ms
434 timing build:deps Completed in 10ms
435 timing build Completed in 11ms
436 timing reify:build Completed in 12ms
437 timing reify:trash Completed in 0ms
438 timing reify:save Completed in 36ms
439 timing reify Completed in 2398ms
440 silly ADD node_modules/webidl-conversions
441 silly ADD node_modules/tr46
442 silly ADD node_modules/media-typer
443 silly ADD node_modules/dunder-proto
444 silly ADD node_modules/math-intrinsics
445 silly ADD node_modules/hasown
446 silly ADD node_modules/has-symbols
447 silly ADD node_modules/gopd
448 silly ADD node_modules/get-proto
449 silly ADD node_modules/es-object-atoms
450 silly ADD node_modules/es-define-property
451 silly ADD node_modules/function-bind
452 silly ADD node_modules/call-bind-apply-helpers
453 silly ADD node_modules/get-intrinsic
454 silly ADD node_modules/call-bound
455 silly ADD node_modules/side-channel-weakmap
456 silly ADD node_modules/side-channel-map
457 silly ADD node_modules/side-channel-list
458 silly ADD node_modules/object-inspect
459 silly ADD node_modules/es-errors
460 silly ADD node_modules/path-to-regexp
461 silly ADD node_modules/is-promise
462 silly ADD node_modules/unpipe
463 silly ADD node_modules/side-channel
464 silly ADD node_modules/ipaddr.js
465 silly ADD node_modules/forwarded
466 silly ADD node_modules/wrappy
467 silly ADD node_modules/ee-first
468 silly ADD node_modules/whatwg-url
469 silly ADD node_modules/mime-db
470 silly ADD node_modules/uuid
471 silly ADD node_modules/node-fetch
472 silly ADD node_modules/safer-buffer
473 silly ADD node_modules/toidentifier
474 silly ADD node_modules/setprototypeof
475 silly ADD node_modules/inherits
476 silly ADD node_modules/ms
477 silly ADD node_modules/raw-body
478 silly ADD node_modules/iconv-lite
479 silly ADD node_modules/bytes
480 silly ADD node_modules/negotiator
481 silly ADD node_modules/type-is
482 silly ADD node_modules/type-is/node_modules/content-type
483 silly ADD node_modules/statuses
484 silly ADD node_modules/serve-static
485 silly ADD node_modules/send
486 silly ADD node_modules/router
487 silly ADD node_modules/range-parser
488 silly ADD node_modules/qs
489 silly ADD node_modules/proxy-addr
490 silly ADD node_modules/parseurl
491 silly ADD node_modules/once
492 silly ADD node_modules/on-finished
493 silly ADD node_modules/mime-types
494 silly ADD node_modules/merge-descriptors
495 silly ADD node_modules/http-errors
496 silly ADD node_modules/fresh
497 silly ADD node_modules/finalhandler
498 silly ADD node_modules/etag
499 silly ADD node_modules/escape-html
500 silly ADD node_modules/encodeurl
501 silly ADD node_modules/depd
502 silly ADD node_modules/debug
503 silly ADD node_modules/cookie-signature
504 silly ADD node_modules/cookie
505 silly ADD node_modules/content-type
506 silly ADD node_modules/content-disposition
507 silly ADD node_modules/body-parser
508 silly ADD node_modules/accepts
509 silly ADD node_modules/vary
510 silly ADD node_modules/object-assign
511 silly ADD node_modules/mercadopago
512 silly ADD node_modules/express
513 silly ADD node_modules/cors
514 timing command:install Completed in 2416ms
515 verbose exit 0
516 timing npm Completed in 2481ms
517 info ok
