0 verbose cli /usr/bin/node /usr/bin/npm
1 info using npm@9.2.0
2 info using node@v18.20.4
3 timing npm:load:whichnode Completed in 0ms
4 timing config:load:defaults Completed in 2ms
5 timing config:load:file:/usr/share/nodejs/npm/npmrc Completed in 3ms
6 timing config:load:builtin Completed in 4ms
7 timing config:load:cli Completed in 3ms
8 timing config:load:env Completed in 0ms
9 timing config:load:file:/home/brunoknapp9/backend/.npmrc Completed in 1ms
10 timing config:load:project Completed in 3ms
11 timing config:load:file:/home/brunoknapp9/.npmrc Completed in 0ms
12 timing config:load:user Completed in 1ms
13 timing config:load:file:/etc/npmrc Completed in 0ms
14 timing config:load:global Completed in 0ms
15 timing config:load:setEnvs Completed in 2ms
16 timing config:load Completed in 16ms
17 timing npm:load:configload Completed in 17ms
18 timing npm:load:mkdirpcache Completed in 1ms
19 timing npm:load:mkdirplogs Completed in 0ms
20 verbose title npm install express mercadopago cors dotenv]
21 verbose argv "install" "express" "mercadopago" "cors" "dotenv]"
22 timing npm:load:setTitle Completed in 3ms
23 timing config:load:flatten Completed in 5ms
24 timing npm:load:display Completed in 6ms
25 verbose logfile logs-max:10 dir:/home/brunoknapp9/.npm/_logs/2026-05-16T22_39_57_705Z-
26 verbose logfile /home/brunoknapp9/.npm/_logs/2026-05-16T22_39_57_705Z-debug-0.log
27 timing npm:load:logFile Completed in 8ms
28 timing npm:load:timers Completed in 0ms
29 timing npm:load:configScope Completed in 0ms
30 timing npm:load Completed in 35ms
31 silly logfile done cleaning log files
32 timing config:load:flatten Completed in 1ms
33 timing arborist:ctor Completed in 1ms
34 timing arborist:ctor Completed in 1ms
35 timing idealTree:init Completed in 21ms
36 timing idealTree Completed in 28ms
37 timing command:install Completed in 38ms
38 verbose stack Error: Invalid tag name "dotenv]" of package "dotenv]": Tags may not have any characters that encodeURIComponent encodes.
38 verbose stack     at invalidTagName (/usr/share/nodejs/npm-package-arg/lib/npa.js:99:15)
38 verbose stack     at fromRegistry (/usr/share/nodejs/npm-package-arg/lib/npa.js:400:13)
38 verbose stack     at resolve (/usr/share/nodejs/npm-package-arg/lib/npa.js:86:12)
38 verbose stack     at npa (/usr/share/nodejs/npm-package-arg/lib/npa.js:52:10)
38 verbose stack     at /usr/share/nodejs/@npmcli/arborist/lib/arborist/build-ideal-tree.js:519:18
38 verbose stack     at Array.map (<anonymous>)
38 verbose stack     at [add] (/usr/share/nodejs/@npmcli/arborist/lib/arborist/build-ideal-tree.js:516:27)
38 verbose stack     at [applyUserRequestsToNode] (/usr/share/nodejs/@npmcli/arborist/lib/arborist/build-ideal-tree.js:485:23)
38 verbose stack     at [applyUserRequests] (/usr/share/nodejs/@npmcli/arborist/lib/arborist/build-ideal-tree.js:421:43)
38 verbose stack     at Arborist.buildIdealTree (/usr/share/nodejs/@npmcli/arborist/lib/arborist/build-ideal-tree.js:205:37)
39 verbose cwd /home/brunoknapp9/backend
40 verbose Linux 6.6.99-09128-g14e87a8a9b71
41 verbose node v18.20.4
42 verbose npm  v9.2.0
43 error code EINVALIDTAGNAME
44 error Invalid tag name "dotenv]" of package "dotenv]": Tags may not have any characters that encodeURIComponent encodes.
45 verbose exit 1
46 timing npm Completed in 111ms
47 verbose unfinished npm timer reify 1778971197772
48 verbose unfinished npm timer reify:loadTrees 1778971197774
49 verbose unfinished npm timer idealTree:userRequests 1778971197797
50 verbose code 1
51 error A complete log of this run can be found in:
51 error     /home/brunoknapp9/.npm/_logs/2026-05-16T22_39_57_705Z-debug-0.log
