0 verbose cli /usr/bin/node /usr/bin/npm
1 info using npm@9.2.0
2 info using node@v18.20.4
3 timing npm:load:whichnode Completed in 1ms
4 timing config:load:defaults Completed in 7ms
5 timing config:load:file:/usr/share/nodejs/npm/npmrc Completed in 15ms
6 timing config:load:builtin Completed in 15ms
7 timing config:load:cli Completed in 6ms
8 timing config:load:env Completed in 1ms
9 timing config:load:file:/home/brunoknapp9/backend/.npmrc Completed in 1ms
10 timing config:load:project Completed in 6ms
11 timing config:load:file:/home/brunoknapp9/.npmrc Completed in 3ms
12 timing config:load:user Completed in 4ms
13 timing config:load:file:/etc/npmrc Completed in 1ms
14 timing config:load:global Completed in 1ms
15 timing config:load:setEnvs Completed in 3ms
16 timing config:load Completed in 47ms
17 timing npm:load:configload Completed in 47ms
18 timing npm:load:mkdirpcache Completed in 1ms
19 timing npm:load:mkdirplogs Completed in 1ms
20 verbose title npm install express cors mercadopago
21 verbose argv "install" "express" "cors" "mercadopago"
22 timing npm:load:setTitle Completed in 6ms
23 timing config:load:flatten Completed in 7ms
24 timing npm:load:display Completed in 10ms
25 verbose logfile logs-max:10 dir:/home/brunoknapp9/.npm/_logs/2026-05-17T12_54_13_268Z-
26 verbose logfile /home/brunoknapp9/.npm/_logs/2026-05-17T12_54_13_268Z-debug-0.log
27 timing npm:load:logFile Completed in 10ms
28 timing npm:load:timers Completed in 0ms
29 timing npm:load:configScope Completed in 0ms
30 timing npm:load Completed in 79ms
31 silly logfile start cleaning logs, removing 1 files
32 timing config:load:flatten Completed in 2ms
33 timing arborist:ctor Completed in 2ms
34 silly logfile done cleaning log files
35 timing idealTree:init Completed in 170ms
36 timing idealTree:userRequests Completed in 4ms
37 silly idealTree buildDeps
38 silly fetch manifest cors@^2.8.6
39 timing arborist:ctor Completed in 0ms
40 http fetch GET 200 https://registry.npmjs.org/cors 341ms (cache revalidated)
41 silly fetch manifest express@^5.2.1
42 http fetch GET 200 https://registry.npmjs.org/express 60ms (cache revalidated)
43 silly fetch manifest mercadopago@^2.12.1
44 http fetch GET 200 https://registry.npmjs.org/mercadopago 229ms (cache revalidated)
45 silly placeDep ROOT cors@2.8.6 REPLACE for: backend@1.0.0 want: ^2.8.6
46 silly placeDep ROOT express@5.2.1 REPLACE for: backend@1.0.0 want: ^5.2.1
47 silly placeDep ROOT mercadopago@2.12.1 REPLACE for: backend@1.0.0 want: ^2.12.1
48 timing idealTree:#root Completed in 667ms
49 timing idealTree:node_modules/cors Completed in 0ms
50 timing idealTree:node_modules/express Completed in 0ms
51 timing idealTree:node_modules/mercadopago Completed in 0ms
52 timing idealTree:buildDeps Completed in 671ms
53 timing idealTree:fixDepFlags Completed in 2ms
54 timing idealTree Completed in 854ms
55 timing reify:loadTrees Completed in 857ms
56 timing reify:diffTrees Completed in 7ms
57 silly reify moves {}
58 timing reify:retireShallow Completed in 2ms
59 timing reify:createSparse Completed in 1ms
60 timing reify:loadBundles Completed in 0ms
61 silly audit bulk request {
61 silly audit   accepts: [ '2.0.0' ],
61 silly audit   'body-parser': [ '2.2.2' ],
61 silly audit   bytes: [ '3.1.2' ],
61 silly audit   'call-bind-apply-helpers': [ '1.0.2' ],
61 silly audit   'call-bound': [ '1.0.4' ],
61 silly audit   'content-disposition': [ '1.1.0' ],
61 silly audit   'content-type': [ '1.0.5', '2.0.0' ],
61 silly audit   cookie: [ '0.7.2' ],
61 silly audit   'cookie-signature': [ '1.2.2' ],
61 silly audit   debug: [ '4.4.3' ],
61 silly audit   depd: [ '2.0.0' ],
61 silly audit   dotenv: [ '17.4.2' ],
61 silly audit   'dunder-proto': [ '1.0.1' ],
61 silly audit   'ee-first': [ '1.1.1' ],
61 silly audit   encodeurl: [ '2.0.0' ],
61 silly audit   'es-define-property': [ '1.0.1' ],
61 silly audit   'es-errors': [ '1.3.0' ],
61 silly audit   'es-object-atoms': [ '1.1.1' ],
61 silly audit   'escape-html': [ '1.0.3' ],
61 silly audit   etag: [ '1.8.1' ],
61 silly audit   finalhandler: [ '2.1.1' ],
61 silly audit   forwarded: [ '0.2.0' ],
61 silly audit   fresh: [ '2.0.0' ],
61 silly audit   'function-bind': [ '1.1.2' ],
61 silly audit   'get-intrinsic': [ '1.3.0' ],
61 silly audit   'get-proto': [ '1.0.1' ],
61 silly audit   gopd: [ '1.2.0' ],
61 silly audit   'has-symbols': [ '1.1.0' ],
61 silly audit   hasown: [ '2.0.3' ],
61 silly audit   'http-errors': [ '2.0.1' ],
61 silly audit   'iconv-lite': [ '0.7.2' ],
61 silly audit   inherits: [ '2.0.4' ],
61 silly audit   'ipaddr.js': [ '1.9.1' ],
61 silly audit   'is-promise': [ '4.0.0' ],
61 silly audit   'math-intrinsics': [ '1.1.0' ],
61 silly audit   'media-typer': [ '1.1.0' ],
61 silly audit   'merge-descriptors': [ '2.0.0' ],
61 silly audit   'mime-db': [ '1.54.0' ],
61 silly audit   'mime-types': [ '3.0.2' ],
61 silly audit   ms: [ '2.1.3' ],
61 silly audit   negotiator: [ '1.0.0' ],
61 silly audit   'node-fetch': [ '2.7.0' ],
61 silly audit   'object-assign': [ '4.1.1' ],
61 silly audit   'object-inspect': [ '1.13.4' ],
61 silly audit   'on-finished': [ '2.4.1' ],
61 silly audit   once: [ '1.4.0' ],
61 silly audit   parseurl: [ '1.3.3' ],
61 silly audit   'path-to-regexp': [ '8.4.2' ],
61 silly audit   'proxy-addr': [ '2.0.7' ],
61 silly audit   qs: [ '6.15.1' ],
61 silly audit   'range-parser': [ '1.2.1' ],
61 silly audit   'raw-body': [ '3.0.2' ],
61 silly audit   router: [ '2.2.0' ],
61 silly audit   'safer-buffer': [ '2.1.2' ],
61 silly audit   send: [ '1.2.1' ],
61 silly audit   'serve-static': [ '2.2.1' ],
61 silly audit   setprototypeof: [ '1.2.0' ],
61 silly audit   'side-channel': [ '1.1.0' ],
61 silly audit   'side-channel-list': [ '1.0.1' ],
61 silly audit   'side-channel-map': [ '1.0.1' ],
61 silly audit   'side-channel-weakmap': [ '1.0.2' ],
61 silly audit   statuses: [ '2.0.2' ],
61 silly audit   toidentifier: [ '1.0.1' ],
61 silly audit   tr46: [ '0.0.3' ],
61 silly audit   'type-is': [ '2.1.0' ],
61 silly audit   unpipe: [ '1.0.0' ],
61 silly audit   uuid: [ '9.0.1' ],
61 silly audit   vary: [ '1.1.2' ],
61 silly audit   'webidl-conversions': [ '3.0.1' ],
61 silly audit   'whatwg-url': [ '5.0.0' ],
61 silly audit   wrappy: [ '1.0.2' ],
61 silly audit   cors: [ '2.8.6' ],
61 silly audit   express: [ '5.2.1' ],
61 silly audit   mercadopago: [ '2.12.1' ]
61 silly audit }
62 timing reify:unpack Completed in 0ms
63 timing reify:unretire Completed in 0ms
64 timing build:queue Completed in 0ms
65 timing build:deps Completed in 1ms
66 timing build Completed in 2ms
67 timing reify:build Completed in 2ms
68 timing reify:trash Completed in 0ms
69 timing reify:save Completed in 37ms
70 http fetch POST 200 https://registry.npmjs.org/-/npm/v1/security/advisories/bulk 273ms
71 timing auditReport:getReport Completed in 281ms
72 silly audit report {}
73 timing auditReport:init Completed in 0ms
74 timing reify:audit Completed in 283ms
75 timing reify Completed in 1157ms
76 timing command:install Completed in 1177ms
77 verbose exit 0
78 timing npm Completed in 1294ms
79 info ok
