0 verbose cli /usr/bin/node /usr/bin/npm
1 info using npm@9.2.0
2 info using node@v18.20.4
3 timing npm:load:whichnode Completed in 1ms
4 timing config:load:defaults Completed in 3ms
5 timing config:load:file:/usr/share/nodejs/npm/npmrc Completed in 4ms
6 timing config:load:builtin Completed in 5ms
7 timing config:load:cli Completed in 3ms
8 timing config:load:env Completed in 0ms
9 timing config:load:file:/home/brunoknapp9/madeira-de-art/backend/.npmrc Completed in 0ms
10 timing config:load:project Completed in 3ms
11 timing config:load:file:/home/brunoknapp9/.npmrc Completed in 0ms
12 timing config:load:user Completed in 0ms
13 timing config:load:file:/etc/npmrc Completed in 0ms
14 timing config:load:global Completed in 0ms
15 timing config:load:setEnvs Completed in 2ms
16 timing config:load Completed in 19ms
17 timing npm:load:configload Completed in 19ms
18 timing npm:load:mkdirpcache Completed in 1ms
19 timing npm:load:mkdirplogs Completed in 0ms
20 verbose title npm init
21 verbose argv "init" "--yes"
22 timing npm:load:setTitle Completed in 3ms
23 timing config:load:flatten Completed in 5ms
24 timing npm:load:display Completed in 7ms
25 verbose logfile logs-max:10 dir:/home/brunoknapp9/.npm/_logs/2026-05-16T22_54_05_540Z-
26 verbose logfile /home/brunoknapp9/.npm/_logs/2026-05-16T22_54_05_540Z-debug-0.log
27 timing npm:load:logFile Completed in 8ms
28 timing npm:load:timers Completed in 0ms
29 timing npm:load:configScope Completed in 1ms
30 timing npm:load Completed in 40ms
31 silly logfile start cleaning logs, removing 1 files
32 silly logfile done cleaning log files
33 silly package data {
33 silly package data   name: 'backend',
33 silly package data   version: '1.0.0',
33 silly package data   description: '',
33 silly package data   main: 'index.js',
33 silly package data   scripts: { test: 'echo "Error: no test specified" && exit 1' },
33 silly package data   keywords: [],
33 silly package data   author: '',
33 silly package data   license: 'ISC'
33 silly package data }
34 info init written successfully
35 timing command:init Completed in 46ms
36 verbose exit 0
37 timing npm Completed in 130ms
38 info ok
