0 verbose cli /usr/bin/node /usr/bin/npm
1 info using npm@9.2.0
2 info using node@v18.20.4
3 timing npm:load:whichnode Completed in 0ms
4 timing config:load:defaults Completed in 2ms
5 timing config:load:file:/usr/share/nodejs/npm/npmrc Completed in 4ms
6 timing config:load:builtin Completed in 4ms
7 timing config:load:cli Completed in 3ms
8 timing config:load:env Completed in 1ms
9 timing config:load:project Completed in 2ms
10 timing config:load:file:/home/brunoknapp9/.npmrc Completed in 0ms
11 timing config:load:user Completed in 0ms
12 timing config:load:file:/etc/npmrc Completed in 0ms
13 timing config:load:global Completed in 0ms
14 timing config:load:setEnvs Completed in 2ms
15 timing config:load Completed in 15ms
16 timing npm:load:configload Completed in 16ms
17 timing npm:load:mkdirpcache Completed in 0ms
18 timing npm:load:mkdirplogs Completed in 1ms
19 verbose title npm install cors
20 verbose argv "install" "cors"
21 timing npm:load:setTitle Completed in 2ms
22 timing config:load:flatten Completed in 4ms
23 timing npm:load:display Completed in 5ms
24 verbose logfile logs-max:10 dir:/home/brunoknapp9/.npm/_logs/2026-05-18T00_11_35_305Z-
25 verbose logfile /home/brunoknapp9/.npm/_logs/2026-05-18T00_11_35_305Z-debug-0.log
26 timing npm:load:logFile Completed in 8ms
27 timing npm:load:timers Completed in 0ms
28 timing npm:load:configScope Completed in 0ms
29 timing npm:load Completed in 32ms
30 silly logfile start cleaning logs, removing 1 files
31 timing config:load:flatten Completed in 1ms
32 timing arborist:ctor Completed in 1ms
33 silly logfile done cleaning log files
34 timing arborist:ctor Completed in 0ms
35 timing idealTree:init Completed in 17ms
36 timing idealTree:userRequests Completed in 5ms
37 silly idealTree buildDeps
38 silly fetch manifest cors@*
39 http fetch GET 200 https://registry.npmjs.org/cors 227ms (cache revalidated)
40 silly placeDep ROOT cors@2.8.6 OK for:  want: *
41 silly fetch manifest object-assign@^4
42 silly fetch manifest vary@^1
43 http fetch GET 200 https://registry.npmjs.org/vary 69ms (cache revalidated)
44 http fetch GET 200 https://registry.npmjs.org/object-assign 126ms (cache revalidated)
45 timing idealTree:#root Completed in 374ms
46 silly placeDep ROOT object-assign@4.1.1 OK for: cors@2.8.6 want: ^4
47 silly placeDep ROOT vary@1.1.2 OK for: cors@2.8.6 want: ^1
48 timing idealTree:node_modules/cors Completed in 8ms
49 timing idealTree:node_modules/object-assign Completed in 0ms
50 timing idealTree:node_modules/vary Completed in 0ms
51 timing idealTree:buildDeps Completed in 383ms
52 timing idealTree:fixDepFlags Completed in 0ms
53 timing idealTree Completed in 410ms
54 timing reify:loadTrees Completed in 411ms
55 timing reify:diffTrees Completed in 1ms
56 silly reify moves {}
57 timing reify:retireShallow Completed in 1ms
58 timing reify:createSparse Completed in 2ms
59 timing reify:loadBundles Completed in 0ms
60 timing reifyNode:node_modules/vary Completed in 39ms
61 timing reifyNode:node_modules/cors Completed in 39ms
62 timing reifyNode:node_modules/object-assign Completed in 40ms
63 timing reify:unpack Completed in 41ms
64 timing reify:unretire Completed in 0ms
65 timing build:queue Completed in 1ms
66 timing build:deps Completed in 1ms
67 timing build Completed in 1ms
68 timing reify:build Completed in 3ms
69 timing reify:trash Completed in 0ms
70 timing reify:save Completed in 10ms
71 timing reify Completed in 478ms
72 silly ADD node_modules/vary
73 silly ADD node_modules/object-assign
74 silly ADD node_modules/cors
75 timing command:install Completed in 488ms
76 verbose exit 0
77 timing npm Completed in 545ms
78 info ok
